
> @cyber-sec.space/aag-core@2.2.0 test
> NODE_OPTIONS='--experimental-vm-modules' npx jest

(node:95888) ExperimentalWarning: VM Modules is an experimental feature and might change at any time
(Use `node --trace-warnings ...` to show where the warning was created)
(node:95888) Warning: `--localstorage-file` was provided without a valid path
PASS tests/sessionManager.test.ts
(node:95887) ExperimentalWarning: VM Modules is an experimental feature and might change at any time
(Use `node --trace-warnings ...` to show where the warning was created)
(node:95887) Warning: `--localstorage-file` was provided without a valid path
PASS tests/pluginLoader.test.ts
(node:95885) ExperimentalWarning: VM Modules is an experimental feature and might change at any time
(Use `node --trace-warnings ...` to show where the warning was created)
(node:95884) ExperimentalWarning: VM Modules is an experimental feature and might change at any time
(Use `node --trace-warnings ...` to show where the warning was created)
(node:95884) Warning: `--localstorage-file` was provided without a valid path
PASS tests/dataMasking.test.ts
(node:95883) ExperimentalWarning: VM Modules is an experimental feature and might change at any time
(Use `node --trace-warnings ...` to show where the warning was created)
(node:95883) Warning: `--localstorage-file` was provided without a valid path
PASS tests/rateLimit.test.ts
(node:95886) ExperimentalWarning: VM Modules is an experimental feature and might change at any time
(Use `node --trace-warnings ...` to show where the warning was created)
(node:95886) Warning: `--localstorage-file` was provided without a valid path
PASS tests/proxy.test.ts
(node:95885) Warning: `--localstorage-file` was provided without a valid path
PASS tests/clientManager.test.ts
---------------------|---------|----------|---------|---------|-------------------
File                 | % Stmts | % Branch | % Funcs | % Lines | Uncovered Line #s 
---------------------|---------|----------|---------|---------|-------------------
All files            |     100 |      100 |     100 |     100 |                   
 src                 |     100 |      100 |     100 |     100 |                   
  clientManager.ts   |     100 |      100 |     100 |     100 |                   
  errors.ts          |     100 |      100 |     100 |     100 |                   
  pluginLoader.ts    |     100 |      100 |     100 |     100 |                   
  proxy.ts           |     100 |      100 |     100 |     100 |                   
 src/auth            |     100 |      100 |     100 |     100 |                   
  ConfigAuthStore.ts |     100 |      100 |     100 |     100 |                   
 src/middleware      |     100 |      100 |     100 |     100 |                   
  dataMasking.ts     |     100 |      100 |     100 |     100 |                   
  rateLimit.ts       |     100 |      100 |     100 |     100 |                   
 src/session         |     100 |      100 |     100 |     100 |                   
  SessionManager.ts  |     100 |      100 |     100 |     100 |                   
---------------------|---------|----------|---------|---------|-------------------

Test Suites: 6 passed, 6 total
Tests:       96 passed, 96 total
Snapshots:   0 total
Time:        3.792 s, estimated 4 s
Ran all test suites.
